###############################################################################
#                                                                             #
# IAR ELF Linker V1.42.1.142 for STM8                   01/Jul/2016  17:52:20 #
# Copyright 2010-2013 IAR Systems AB.                                         #
#                                                                             #
#    Output file  =  E:\hwpro-2016\20160627_L\iar\Debug\Exe\node.out          #
#    Map file     =  E:\hwpro-2016\20160627_L\iar\Debug\List\node.map         #
#    Command line =  E:\hwpro-2016\20160627_L\iar\Debug\Obj\board_init.o      #
#                    E:\hwpro-2016\20160627_L\iar\Debug\Obj\chain.o           #
#                    E:\hwpro-2016\20160627_L\iar\Debug\Obj\crc16.o           #
#                    E:\hwpro-2016\20160627_L\iar\Debug\Obj\debugUart.o       #
#                    E:\hwpro-2016\20160627_L\iar\Debug\Obj\events.o          #
#                    E:\hwpro-2016\20160627_L\iar\Debug\Obj\iic.o             #
#                    E:\hwpro-2016\20160627_L\iar\Debug\Obj\list.o            #
#                    E:\hwpro-2016\20160627_L\iar\Debug\Obj\main.o            #
#                    E:\hwpro-2016\20160627_L\iar\Debug\Obj\memb.o            #
#                    E:\hwpro-2016\20160627_L\iar\Debug\Obj\mmem.o            #
#                    E:\hwpro-2016\20160627_L\iar\Debug\Obj\random.o          #
#                    E:\hwpro-2016\20160627_L\iar\Debug\Obj\ringbuf.o         #
#                    E:\hwpro-2016\20160627_L\iar\Debug\Obj\ringbufindex.o    #
#                    E:\hwpro-2016\20160627_L\iar\Debug\Obj\rtc.o             #
#                    E:\hwpro-2016\20160627_L\iar\Debug\Obj\si446x.o          #
#                    E:\hwpro-2016\20160627_L\iar\Debug\Obj\si446x_rf.o       #
#                    E:\hwpro-2016\20160627_L\iar\Debug\Obj\spi.o             #
#                    E:\hwpro-2016\20160627_L\iar\Debug\Obj\stm8l15x_adc.o    #
#                    E:\hwpro-2016\20160627_L\iar\Debug\Obj\stm8l15x_aes.o    #
#                    E:\hwpro-2016\20160627_L\iar\Debug\Obj\stm8l15x_beep.o   #
#                    E:\hwpro-2016\20160627_L\iar\Debug\Obj\stm8l15x_clk.o    #
#                    E:\hwpro-2016\20160627_L\iar\Debug\Obj\stm8l15x_comp.o   #
#                    E:\hwpro-2016\20160627_L\iar\Debug\Obj\stm8l15x_dac.o    #
#                    E:\hwpro-2016\20160627_L\iar\Debug\Obj\stm8l15x_dma.o    #
#                    E:\hwpro-2016\20160627_L\iar\Debug\Obj\stm8l15x_exti.o   #
#                    E:\hwpro-2016\20160627_L\iar\Debug\Obj\stm8l15x_flash.o  #
#                    E:\hwpro-2016\20160627_L\iar\Debug\Obj\stm8l15x_gpio.o   #
#                    E:\hwpro-2016\20160627_L\iar\Debug\Obj\stm8l15x_i2c.o    #
#                    E:\hwpro-2016\20160627_L\iar\Debug\Obj\stm8l15x_irtim.o  #
#                    E:\hwpro-2016\20160627_L\iar\Debug\Obj\stm8l15x_it.o     #
#                    E:\hwpro-2016\20160627_L\iar\Debug\Obj\stm8l15x_itc.o    #
#                    E:\hwpro-2016\20160627_L\iar\Debug\Obj\stm8l15x_iwdg.o   #
#                    E:\hwpro-2016\20160627_L\iar\Debug\Obj\stm8l15x_lcd.o    #
#                    E:\hwpro-2016\20160627_L\iar\Debug\Obj\stm8l15x_pwr.o    #
#                    E:\hwpro-2016\20160627_L\iar\Debug\Obj\stm8l15x_rst.o    #
#                    E:\hwpro-2016\20160627_L\iar\Debug\Obj\stm8l15x_rtc.o    #
#                    E:\hwpro-2016\20160627_L\iar\Debug\Obj\stm8l15x_spi.o    #
#                    E:\hwpro-2016\20160627_L\iar\Debug\Obj\stm8l15x_syscfg.o #
#                     E:\hwpro-2016\20160627_L\iar\Debug\Obj\stm8l15x_tim1.o  #
#                    E:\hwpro-2016\20160627_L\iar\Debug\Obj\stm8l15x_tim2.o   #
#                    E:\hwpro-2016\20160627_L\iar\Debug\Obj\stm8l15x_tim3.o   #
#                    E:\hwpro-2016\20160627_L\iar\Debug\Obj\stm8l15x_tim4.o   #
#                    E:\hwpro-2016\20160627_L\iar\Debug\Obj\stm8l15x_tim5.o   #
#                    E:\hwpro-2016\20160627_L\iar\Debug\Obj\stm8l15x_usart.o  #
#                    E:\hwpro-2016\20160627_L\iar\Debug\Obj\stm8l15x_wfe.o    #
#                    E:\hwpro-2016\20160627_L\iar\Debug\Obj\stm8l15x_wwdg.o   #
#                    E:\hwpro-2016\20160627_L\iar\Debug\Obj\sysprintf.o       #
#                    E:\hwpro-2016\20160627_L\iar\Debug\Obj\xprintf.o         #
#                    --redirect _Printf=_PrintfSmall --redirect               #
#                    _Scanf=_ScanfSmall -o E:\hwpro-2016\20160627_L\iar\Debug #
#                    \Exe\node.out --map E:\hwpro-2016\20160627_L\iar\Debug\L #
#                    ist\node.map --config "C:\Program Files (x86)\IAR        #
#                    Systems\Embedded Workbench 6.5\stm8\config\lnkstm8l151g4 #
#                    .icf" --config_def _CSTACK_SIZE=0x100 --config_def       #
#                    _HEAP_SIZE=0x20 --entry __iar_program_start --debug_lib  #
#                                                                             #
#                                                                             #
###############################################################################

*******************************************************************************
*** RUNTIME MODEL ATTRIBUTES
***

__SystemLibrary            = DLib
__code_model               = medium_or_large
__core                     = stm8
__data_model               = medium
__dlib_file_descriptor     = 0
__dlib_full_locale_support = 0
__rt_version               = 4


*******************************************************************************
*** PLACEMENT SUMMARY
***

"A1":  place at start of [0x000000-0x0000ff] { rw section .vregs };
"A2":  place at end of [0x000000-0x0007ff] { block CSTACK };
"P2":  place in [from 0x000000 to 0x0007ff] {
          block HEAP, rw section .far.bss, rw section .far.data,
          rw section .far.noinit, rw section .far_func.textrw,
          rw section .huge.bss, rw section .huge.data, rw section .huge.noinit,
          rw section .huge_func.textrw, rw section .iar.dynexit,
          rw section .near.bss, rw section .near.data, rw section .near.noinit,
          rw section .near_func.textrw };
"A3":  place at start of [0x008000-0x00bfff] { block INTVEC };
"P3":  place in [from 0x008000 to 0x00bfff] {
          ro section .far.data_init, ro section .far_func.textrw_init,
          ro section .huge.data_init, ro section .huge_func.textrw_init,
          ro section .iar.init_table, ro section .init_array,
          ro section .near.data_init, ro section .near.rodata,
          ro section .near_func.text, ro section .near_func.textrw_init,
          ro section .tiny.data_init, ro section .tiny.rodata_init };
"P4":  place in [from 0x008000 to 0x00bfff] {
          ro section .far.rodata, ro section .far_func.text };

  Section            Kind      Address    Size  Object
  -------            ----      -------    ----  ------
"A1":                                     0x10
  .vregs             uninit   0x000000    0x10  vregs.o [4]
                            - 0x000010    0x10

"P2", part 1 of 2:                         0x2
  P2 s0                       0x000010     0x2  <Init block>
    .near.data       inited   0x000010     0x1  si446x_rf.o [1]
    .near.data       inited   0x000011     0x1  sysprintf.o [1]
                            - 0x000012     0x2

"P2", part 2 of 2:                        0xa9
  .near.bss          zero     0x000012    0x81  si446x_rf.o [1]
  .near.bss          zero     0x000093    0x10  si446x.o [1]
  .near.bss          zero     0x0000a3     0x4  rtc.o [1]
  .near.bss          zero     0x0000a7     0x4  stm8l15x_it.o [1]
  .near.bss          zero     0x0000ab     0x2  si446x_rf.o [1]
  .near.bss          zero     0x0000ad     0x2  si446x_rf.o [1]
  .near.bss          zero     0x0000af     0x2  stm8l15x_it.o [1]
  .near.bss          zero     0x0000b1     0x2  stm8l15x_it.o [1]
  .near.bss          zero     0x0000b3     0x2  stm8l15x_it.o [1]
  .near.bss          zero     0x0000b5     0x2  xprintf.o [1]
  .near.bss          zero     0x0000b7     0x1  si446x.o [1]
  .near.bss          zero     0x0000b8     0x1  si446x.o [1]
  .near.bss          zero     0x0000b9     0x1  si446x_rf.o [1]
  .near.bss          zero     0x0000ba     0x1  si446x_rf.o [1]
                            - 0x0000bb    0xa9

"A2":                                    0x100
  CSTACK                      0x000700   0x100  <Block>
    CSTACK           uninit   0x000700   0x100  <Block tail>
                            - 0x000800   0x100

"A3":                                     0x80
  INTVEC                      0x008000    0x80  <Block>
    .intvec          const    0x008000    0x80  interrupt.o [4]
                            - 0x008080    0x80

"P3":                                    0x1bb
  .near.rodata       const    0x008080   0x16d  si446x.o [1]
  .iar.init_table    const    0x0081ed    0x14  - Linker created -
  .near.rodata       const    0x008201    0x10  si446x.o [1]
  .near.rodata       const    0x008211    0x10  si446x.o [1]
  .near.rodata       const    0x008221     0xb  si446x_rf.o [1]
  .near.rodata       const    0x00822c     0x6  rtc.o [1]
  .near.rodata       const    0x008232     0x5  stm8l15x_clk.o [1]
  .near.rodata       const    0x008237     0x2  si446x.o [1]
  Initializer bytes  ro data  0x008239     0x2  <for P2 s0>
                            - 0x00823b   0x1bb

"P4":                                   0x176f
  .far_func.text     ro code  0x00823b   0x466  si446x.o [1]
  .far_func.text     ro code  0x0086a1   0x2ed  xprintf.o [1]
  .far_func.text     ro code  0x00898e   0x114  vreg_util.o [4]
  .far_func.text     ro code  0x008aa2   0x110  stm8l15x_exti.o [1]
  .far_func.text     ro code  0x008bb2    0xeb  stm8l15x_rtc.o [1]
  .far_func.text     ro code  0x008c9d    0xe4  stm8l15x_usart.o [1]
  .far_func.text     ro code  0x008d81    0xc6  long.o [4]
  .far_func.text     ro code  0x008e47    0xae  stm8l15x_gpio.o [1]
  .far_func.text     ro code  0x008ef5    0x9e  si446x_rf.o [1]
  .far_func.text     ro code  0x008f93    0x93  stm8l15x_it.o [1]
  .far_func.text     ro code  0x009026    0x8f  stm8l15x_clk.o [1]
  .far_func.text     ro code  0x0090b5    0x7e  stm8l15x_clk.o [1]
  .far_func.text     ro code  0x009133    0x62  stm8l15x_syscfg.o [1]
  .far_func.text     ro code  0x009195    0x5e  main.o [1]
  .far_func.text     ro code  0x0091f3    0x5d  spi.o [1]
  .far_func.text     ro code  0x009250    0x5a  debugUart.o [1]
  .far_func.text     ro code  0x0092aa    0x50  rtc.o [1]
  .far_func.text     ro code  0x0092fa    0x4d  si446x.o [1]
  .far_func.text     ro code  0x009347    0x4a  stm8l15x_spi.o [1]
  .far_func.text     ro code  0x009391    0x45  si446x.o [1]
  .far_func.text     ro code  0x0093d6    0x3e  stm8l15x_usart.o [1]
  .far_func.text     ro code  0x009414    0x3d  stm8l15x_rtc.o [1]
  .far_func.text     ro code  0x009451    0x38  stm8l15x_rtc.o [1]
  .far_func.text     ro code  0x009489    0x34  stm8l15x_rtc.o [1]
  .far_func.text     ro code  0x0094bd    0x33  spi.o [1]
  .far_func.text     ro code  0x0094f0    0x33  xprintf.o [1]
  .far_func.text     ro code  0x009523    0x2f  short.o [4]
  .far_func.text     ro code  0x009552    0x2d  si446x.o [1]
  .far_func.text     ro code  0x00957f    0x2b  rtc.o [1]
  .far_func.text     ro code  0x0095aa    0x29  si446x.o [1]
  .far_func.text     ro code  0x0095d3    0x29  stm8l15x_tim2.o [1]
  .far_func.text     ro code  0x0095fc    0x28  init_small.o [4]
  .far_func.text     ro code  0x009624    0x24  rtc.o [1]
  .far_func.text     ro code  0x009648    0x24  long_util.o [4]
  .far_func.text     ro code  0x00966c    0x23  stm8l15x_rtc.o [1]
  .far_func.text     ro code  0x00968f    0x23  stm8l15x_spi.o [1]
  .far_func.text     ro code  0x0096b2    0x22  stm8l15x_rtc.o [1]
  .far_func.text     ro code  0x0096d4    0x22  stm8l15x_tim2.o [1]
  .far_func.text     ro code  0x0096f6    0x22  stm8l15x_usart.o [1]
  .far_func.text     ro code  0x009718    0x22  sysprintf.o [1]
  .far_func.text     ro code  0x00973a    0x21  si446x_rf.o [1]
  .far_func.text     ro code  0x00975b    0x21  stm8l15x_exti.o [1]
  .far_func.text     ro code  0x00977c    0x21  stm8l15x_usart.o [1]
  .far_func.text     ro code  0x00979d    0x20  debugUart.o [1]
  .far_func.text     ro code  0x0097bd    0x1f  stm8l15x_gpio.o [1]
  .far_func.text     ro code  0x0097dc    0x1e  init.o [4]
  .far_func.text     ro code  0x0097fa    0x1e  init_small.o [4]
  .far_func.text     ro code  0x009818    0x1d  iic.o [1]
  .far_func.text     ro code  0x009835    0x1d  xprintf.o [1]
  .far_func.text     ro code  0x009852    0x1b  stm8l15x_rtc.o [1]
  .far_func.text     ro code  0x00986d    0x18  si446x_rf.o [1]
  .far_func.text     ro code  0x009885    0x17  cstartup.o [4]
  .far_func.text     ro code  0x00989c    0x16  __dbg_xxexit.o [3]
  .far_func.text     ro code  0x0098b2    0x15  stm8l15x_spi.o [1]
  .far_func.text     ro code  0x0098c7    0x15  memset.o [4]
  .far_func.text     ro code  0x0098dc    0x13  stm8l15x_tim2.o [1]
  .far_func.text     ro code  0x0098ef    0x12  board_init.o [1]
  .far_func.text     ro code  0x009901     0xe  far_util.o [4]
  .far_func.text     ro code  0x00990f     0xd  stm8l15x_spi.o [1]
  .far_func.text     ro code  0x00991c     0xd  stm8l15x_syscfg.o [1]
  .far_func.text     ro code  0x009929     0xd  stm8l15x_tim2.o [1]
  .far_func.text     ro code  0x009936     0xd  move.o [4]
  .far_func.text     ro code  0x009943     0xa  si446x_rf.o [1]
  .far_func.text     ro code  0x00994d     0xa  stm8l15x_clk.o [1]
  .far_func.text     ro code  0x009957     0xa  stm8l15x_rtc.o [1]
  .far_func.text     ro code  0x009961     0x7  main.o [1]
  .far_func.text     ro code  0x009968     0x6  cexit.o [4]
  .far_func.text     ro code  0x00996e     0x5  stm8l15x_spi.o [1]
  .far_func.text     ro code  0x009973     0x5  stm8l15x_spi.o [1]
  .far_func.text     ro code  0x009978     0x5  stm8l15x_tim2.o [1]
  .far_func.text     ro code  0x00997d     0x4  stm8l15x_clk.o [1]
  .far_func.text     ro code  0x009981     0x4  interrupt.o [4]
  .far_func.text     ro code  0x009985     0x4  exit.o [4]
  .far_func.text     ro code  0x009989     0x3  low_level_init.o [4]
  .far_func.text     ro code  0x00998c     0x3  unhandled_exception.o [4]
  .far_func.text     ro code  0x00998f     0x1  stm8l15x_it.o [1]
  .far_func.text     ro code  0x009990     0x1  stm8l15x_it.o [1]
  .far_func.text     ro code  0x009991     0x1  stm8l15x_it.o [1]
  .far_func.text     ro code  0x009992     0x1  stm8l15x_it.o [1]
  .far_func.text     ro code  0x009993     0x1  stm8l15x_it.o [1]
  .far_func.text     ro code  0x009994     0x1  stm8l15x_it.o [1]
  .far_func.text     ro code  0x009995     0x1  stm8l15x_it.o [1]
  .far_func.text     ro code  0x009996     0x1  stm8l15x_it.o [1]
  .far_func.text     ro code  0x009997     0x1  stm8l15x_it.o [1]
  .far_func.text     ro code  0x009998     0x1  stm8l15x_it.o [1]
  .far_func.text     ro code  0x009999     0x1  stm8l15x_it.o [1]
  .far_func.text     ro code  0x00999a     0x1  stm8l15x_it.o [1]
  .far_func.text     ro code  0x00999b     0x1  stm8l15x_it.o [1]
  .far_func.text     ro code  0x00999c     0x1  stm8l15x_it.o [1]
  .far_func.text     ro code  0x00999d     0x1  stm8l15x_it.o [1]
  .far_func.text     ro code  0x00999e     0x1  stm8l15x_it.o [1]
  .far_func.text     ro code  0x00999f     0x1  stm8l15x_it.o [1]
  .far_func.text     ro code  0x0099a0     0x1  stm8l15x_it.o [1]
  .far_func.text     ro code  0x0099a1     0x1  stm8l15x_it.o [1]
  .far_func.text     ro code  0x0099a2     0x1  stm8l15x_it.o [1]
  .far_func.text     ro code  0x0099a3     0x1  stm8l15x_it.o [1]
  .far_func.text     ro code  0x0099a4     0x1  stm8l15x_it.o [1]
  .far_func.text     ro code  0x0099a5     0x1  stm8l15x_it.o [1]
  .far_func.text     ro code  0x0099a6     0x1  stm8l15x_it.o [1]
  .far_func.text     ro code  0x0099a7     0x1  stm8l15x_it.o [1]
  .far_func.text     ro code  0x0099a8     0x1  stm8l15x_it.o [1]
  .far_func.text     ro code  0x0099a9     0x1  __dbg_break.o [3]
                            - 0x0099aa  0x176f


*******************************************************************************
*** INIT TABLE
***

          Address   Size
          -------   ----
Zero (__iar_zero_init2)
    1 destination range, total size 0xa9:
          0x000012  0xa9

Copy (__iar_copy_init2)
    1 source range, total size 0x2:
          0x008239   0x2
    1 destination range, total size 0x2:
          0x000010   0x2



*******************************************************************************
*** MODULE SUMMARY
***

    Module                 ro code  ro data  rw data
    ------                 -------  -------  -------
E:\hwpro-2016\20160627_L\iar\Debug\Obj: [1]
    board_init.o                18
    debugUart.o                122
    iic.o                       29
    main.o                     101
    rtc.o                      159        6        4
    si446x.o                 1 358      399       18
    si446x_rf.o                225       12      136
    spi.o                      144
    stm8l15x_clk.o             283        5
    stm8l15x_exti.o            305
    stm8l15x_gpio.o            205
    stm8l15x_it.o              173                10
    stm8l15x_rtc.o             510
    stm8l15x_spi.o             153
    stm8l15x_syscfg.o          111
    stm8l15x_tim2.o            112
    stm8l15x_usart.o           357
    sysprintf.o                 34        1        1
    xprintf.o                  829                 2
    ------------------------------------------------
    Total:                   5 228      423      171

command line: [2]
    ------------------------------------------------
    Total:

dbgstm8mmd.a: [3]
    __dbg_break.o                1
    __dbg_xxexit.o              22
    ------------------------------------------------
    Total:                      23

dlstm8mmn.a: [4]
    cexit.o                      6
    cstartup.o                  23
    exit.o                       4
    far_util.o                  14
    init.o                      30
    init_small.o                70
    interrupt.o                  4      128
    long.o                     198
    long_util.o                 36
    low_level_init.o             3
    memset.o                    21
    move.o                      13
    short.o                     47
    unhandled_exception.o        3
    vreg_util.o                276
    vregs.o                                       16
    ------------------------------------------------
    Total:                     748      128       16

    Linker created                       20      256
----------------------------------------------------
    Grand Total:             5 999      571      443


*******************************************************************************
*** ENTRY LIST
***

Entry                    Address   Size  Type      Object
-----                    -------   ----  ----      ------
?add32_l0_l0_0x         0x008d91         Code  Gb  long.o [4]
?and32_l0_l0_0x         0x008e24         Code  Gb  long.o [4]
?and32_l0_l0_l1         0x008e21         Code  Gb  long.o [4]
?b0                     0x000000         Data  Gb  vregs.o [4]
?b1                     0x000001         Data  Gb  vregs.o [4]
?b10                    0x00000a         Data  Gb  vregs.o [4]
?b11                    0x00000b         Data  Gb  vregs.o [4]
?b12                    0x00000c         Data  Gb  vregs.o [4]
?b13                    0x00000d         Data  Gb  vregs.o [4]
?b14                    0x00000e         Data  Gb  vregs.o [4]
?b15                    0x00000f         Data  Gb  vregs.o [4]
?b2                     0x000002         Data  Gb  vregs.o [4]
?b3                     0x000003         Data  Gb  vregs.o [4]
?b4                     0x000004         Data  Gb  vregs.o [4]
?b5                     0x000005         Data  Gb  vregs.o [4]
?b6                     0x000006         Data  Gb  vregs.o [4]
?b7                     0x000007         Data  Gb  vregs.o [4]
?b8                     0x000008         Data  Gb  vregs.o [4]
?b9                     0x000009         Data  Gb  vregs.o [4]
?e0                     0x000001         Data  Gb  vregs.o [4]
?e1                     0x000005         Data  Gb  vregs.o [4]
?e2                     0x000009         Data  Gb  vregs.o [4]
?e3                     0x00000d         Data  Gb  vregs.o [4]
?epilogue_l2            0x008a3a         Code  Gb  vreg_util.o [4]
?epilogue_l2_l3         0x008a36         Code  Gb  vreg_util.o [4]
?epilogue_l2_w6         0x008a3f         Code  Gb  vreg_util.o [4]
?epilogue_w4            0x008a48         Code  Gb  vreg_util.o [4]
?l0                     0x000000         Data  Gb  vregs.o [4]
?l1                     0x000004         Data  Gb  vregs.o [4]
?l2                     0x000008         Data  Gb  vregs.o [4]
?l3                     0x00000c         Data  Gb  vregs.o [4]
?load24_e1_0x           0x009901         Code  Gb  far_util.o [4]
?load32_0x_l0           0x00965e         Code  Gb  long_util.o [4]
?load32_l0_0x           0x009648         Code  Gb  long_util.o [4]
?load32_xsp_l0          0x009654         Code  Gb  long_util.o [4]
?mov_e0_e2              0x008a57         Code  Gb  vreg_util.o [4]
?mov_e1_e0              0x008a64         Code  Gb  vreg_util.o [4]
?mov_e1_e2              0x008a71         Code  Gb  vreg_util.o [4]
?mov_e1_e3              0x008a7e         Code  Gb  vreg_util.o [4]
?mov_e2_e0              0x008a8b         Code  Gb  vreg_util.o [4]
?mov_e3_e0              0x008a98         Code  Gb  vreg_util.o [4]
?mov_l0_l2              0x008a54         Code  Gb  vreg_util.o [4]
?mov_l1_l0              0x008a61         Code  Gb  vreg_util.o [4]
?mov_l1_l2              0x008a6e         Code  Gb  vreg_util.o [4]
?mov_l1_l3              0x008a7b         Code  Gb  vreg_util.o [4]
?mov_l2_l0              0x008a88         Code  Gb  vreg_util.o [4]
?mov_l3_l0              0x008a95         Code  Gb  vreg_util.o [4]
?mov_w1_w5              0x008a5a         Code  Gb  vreg_util.o [4]
?mov_w3_w1              0x008a67         Code  Gb  vreg_util.o [4]
?mov_w3_w5              0x008a74         Code  Gb  vreg_util.o [4]
?mov_w3_w7              0x008a81         Code  Gb  vreg_util.o [4]
?mov_w4_w7              0x008a4d         Code  Gb  vreg_util.o [4]
?mov_w5_w1              0x008a8e         Code  Gb  vreg_util.o [4]
?mov_w7_w1              0x008a9b         Code  Gb  vreg_util.o [4]
?move1616_v_x_y_a       0x009936         Code  Gb  move.o [4]
?mul16_x_x_w0           0x009523         Code  Gb  short.o [4]
?neg32_l0_l0            0x008d81         Code  Gb  long.o [4]
?pop_l0                 0x0089fe         Code  Gb  vreg_util.o [4]
?pop_l1                 0x008a09         Code  Gb  vreg_util.o [4]
?pop_l2                 0x008a14         Code  Gb  vreg_util.o [4]
?pop_l3                 0x008a1f         Code  Gb  vreg_util.o [4]
?pop_w4                 0x0089af         Code  Gb  vreg_util.o [4]
?pop_w6                 0x0089b6         Code  Gb  vreg_util.o [4]
?push_l0                0x0089c9         Code  Gb  vreg_util.o [4]
?push_l1                0x0089ce         Code  Gb  vreg_util.o [4]
?push_l2                0x0089d3         Code  Gb  vreg_util.o [4]
?push_l3                0x0089d8         Code  Gb  vreg_util.o [4]
?push_w4                0x00898e         Code  Gb  vreg_util.o [4]
?push_w6                0x008993         Code  Gb  vreg_util.o [4]
?sext32_l0_x            0x008e3c         Code  Gb  long.o [4]
?sll16_x_x_a            0x009541         Code  Gb  short.o [4]
?sra16_x_x_4            0x00954d         Code  Gb  short.o [4]
?sra16_x_x_5            0x00954c         Code  Gb  short.o [4]
?sra16_x_x_6            0x00954b         Code  Gb  short.o [4]
?sra16_x_x_7            0x00954a         Code  Gb  short.o [4]
?sra16_x_x_8            0x009549         Code  Gb  short.o [4]
?ucmp32_c_l0_l1         0x008e16         Code  Gb  long.o [4]
?udiv32_l0_l0_l1        0x008da9         Code  Gb  long.o [4]
?umod32_l1_l0_l1        0x008da9         Code  Gb  long.o [4]
?w0                     0x000000         Data  Gb  vregs.o [4]
?w1                     0x000002         Data  Gb  vregs.o [4]
?w2                     0x000004         Data  Gb  vregs.o [4]
?w3                     0x000006         Data  Gb  vregs.o [4]
?w4                     0x000008         Data  Gb  vregs.o [4]
?w5                     0x00000a         Data  Gb  vregs.o [4]
?w6                     0x00000c         Data  Gb  vregs.o [4]
?w7                     0x00000e         Data  Gb  vregs.o [4]
ADC1_COMP_IRQHandler    0x00999e    0x1  Code  Gb  stm8l15x_it.o [1]
CLK_GetClockFreq        0x0090b5   0x7e  Code  Gb  stm8l15x_clk.o [1]
CLK_PeripheralClockConfig
                        0x009026   0x8f  Code  Gb  stm8l15x_clk.o [1]
CLK_RTCClockConfig      0x00994d    0xa  Code  Gb  stm8l15x_clk.o [1]
CLK_SYSCLKDivConfig     0x00997d    0x4  Code  Gb  stm8l15x_clk.o [1]
CSTACK$$Base            0x000700          --   Gb  - Linker created -
CSTACK$$Limit           0x000800          --   Gb  - Linker created -
Capture                 0x0000a7    0x4  Data  Gb  stm8l15x_it.o [1]
CaptureState            0x0000b3    0x2  Data  Gb  stm8l15x_it.o [1]
DMA1_CHANNEL0_1_IRQHandler
                        0x009991    0x1  Code  Gb  stm8l15x_it.o [1]
DMA1_CHANNEL2_3_IRQHandler
                        0x009992    0x1  Code  Gb  stm8l15x_it.o [1]
EXTI0_IRQHandler        0x009818   0x1d  Code  Gb  iic.o [1]
EXTI1_IRQHandler        0x009996    0x1  Code  Gb  stm8l15x_it.o [1]
EXTI2_IRQHandler        0x009997    0x1  Code  Gb  stm8l15x_it.o [1]
EXTI3_IRQHandler        0x009998    0x1  Code  Gb  stm8l15x_it.o [1]
EXTI4_IRQHandler        0x008ef5   0x9e  Code  Gb  si446x_rf.o [1]
EXTI5_IRQHandler        0x009999    0x1  Code  Gb  stm8l15x_it.o [1]
EXTI6_IRQHandler        0x00999a    0x1  Code  Gb  stm8l15x_it.o [1]
EXTI7_IRQHandler        0x00999b    0x1  Code  Gb  stm8l15x_it.o [1]
EXTIB_G_IRQHandler      0x009994    0x1  Code  Gb  stm8l15x_it.o [1]
EXTID_H_IRQHandler      0x009995    0x1  Code  Gb  stm8l15x_it.o [1]
EXTIE_F_PVD_IRQHandler  0x009993    0x1  Code  Gb  stm8l15x_it.o [1]
EXTI_ClearITPendingBit  0x00975b   0x21  Code  Gb  stm8l15x_exti.o [1]
EXTI_SetPinSensitivity  0x008aa2  0x110  Code  Gb  stm8l15x_exti.o [1]
FLASH_IRQHandler        0x009990    0x1  Code  Gb  stm8l15x_it.o [1]
GPIO_ExternalPullUpConfig
                        0x0097bd   0x1f  Code  Gb  stm8l15x_gpio.o [1]
GPIO_Init               0x008e47   0xae  Code  Gb  stm8l15x_gpio.o [1]
I2C1_SPI2_IRQHandler    0x0099a8    0x1  Code  Gb  stm8l15x_it.o [1]
IC1ReadValue1           0x0000af    0x2  Data  Gb  stm8l15x_it.o [1]
IC1ReadValue2           0x0000b1    0x2  Data  Gb  stm8l15x_it.o [1]
INTVEC$$Base            0x008000          --   Gb  - Linker created -
INTVEC$$Limit           0x008080          --   Gb  - Linker created -
LCD_AES_IRQHandler      0x00999c    0x1  Code  Gb  stm8l15x_it.o [1]
RTC_CSSLSE_IRQHandler   0x0092aa   0x50  Code  Gb  rtc.o [1]
RTC_ClearITPendingBit   0x009957    0xa  Code  Gb  stm8l15x_rtc.o [1]
RTC_DeInit              0x008bb2   0xeb  Code  Gb  stm8l15x_rtc.o [1]
RTC_EnterInitMode       0x0096b2   0x22  Code  Gb  stm8l15x_rtc.o [1]
RTC_ITConfig            0x009451   0x38  Code  Gb  stm8l15x_rtc.o [1]
RTC_SetWakeUpCounter    0x009852   0x1b  Code  Gb  stm8l15x_rtc.o [1]
RTC_WaitForSynchro      0x009489   0x34  Code  Gb  stm8l15x_rtc.o [1]
RTC_WakeUpClockConfig   0x00966c   0x23  Code  Gb  stm8l15x_rtc.o [1]
RTC_WakeUpCmd           0x009414   0x3d  Code  Gb  stm8l15x_rtc.o [1]
Region$$Table$$Base     0x0081ed          --   Gb  - Linker created -
Region$$Table$$Limit    0x008201          --   Gb  - Linker created -
SI446X_CFG_PARAM_INIT   0x00861a   0x5c  Code  Lc  si446x.o [1]
SI446X_CHANGE_STATE     0x00851b   0x29  Code  Lc  si446x.o [1]
SI446X_CMD              0x009391   0x45  Code  Lc  si446x.o [1]
SI446X_GET_INT_STATUS   0x008433   0x6d  Code  Lc  si446x.o [1]
SI446X_GET_MODEM_STATUS
                        0x00839b   0x98  Code  Lc  si446x.o [1]
SI446X_GLOGAL_CFG_CMMBINED_FIFO
                        0x0084a0    0x9  Code  Lc  si446x.o [1]
SI446X_INT_STATUS       0x009552   0x2d  Code  Lc  si446x.o [1]
SI446X_RADIO_CONFIG_INIT
                        0x008617    0x3  Code  Lc  si446x.o [1]
SI446X_RADIO_PKT_COMMON_CFG
                        0x0085e2   0x35  Code  Lc  si446x.o [1]
SI446X_RADIO_RX_FIELD_CFG
                        0x008544   0x5c  Code  Lc  si446x.o [1]
SI446X_RADIO_TX_FIELD_CFG
                        0x0085a0   0x42  Code  Lc  si446x.o [1]
SI446X_READ_RESPONSE    0x0092fa   0x4d  Code  Lc  si446x.o [1]
SI446X_SET_PROPERTY_1   0x008676   0x2b  Code  Lc  si446x.o [1]
SI446X_START_RX         0x0084c0   0x5b  Code  Lc  si446x.o [1]
SI446X_TXRX_FIFO_RESET  0x0084a9   0x17  Code  Lc  si446x.o [1]
SI446X_WAIT_CTS         0x0095aa   0x29  Code  Lc  si446x.o [1]
SPI1_IRQHandler         0x0099a5    0x1  Code  Gb  stm8l15x_it.o [1]
SPI_Cmd                 0x00990f    0xd  Code  Gb  stm8l15x_spi.o [1]
SPI_DeInit              0x00968f   0x23  Code  Gb  stm8l15x_spi.o [1]
SPI_GetFlagStatus       0x0098b2   0x15  Code  Gb  stm8l15x_spi.o [1]
SPI_Init                0x009347   0x4a  Code  Gb  stm8l15x_spi.o [1]
SPI_ReceiveData         0x009973    0x5  Code  Gb  stm8l15x_spi.o [1]
SPI_SendByteData        0x0094bd   0x33  Code  Gb  spi.o [1]
SPI_SendData            0x00996e    0x5  Code  Gb  stm8l15x_spi.o [1]
SWITCH_CSS_BREAK_DAC_IRQHandler
                        0x00999d    0x1  Code  Gb  stm8l15x_it.o [1]
SYSCFG_REMAPDeInit      0x00991c    0xd  Code  Gb  stm8l15x_syscfg.o [1]
SYSCFG_REMAPPinConfig   0x009133   0x62  Code  Gb  stm8l15x_syscfg.o [1]
SYSDivFactor            0x008232    0x5  Data  Gb  stm8l15x_clk.o [1]
Si446xCmd               0x000093   0x10  Data  Gb  si446x.o [1]
TIM1_CC_IRQHandler      0x0099a3    0x1  Code  Gb  stm8l15x_it.o [1]
TIM1_UPD_OVF_TRG_COM_IRQHandler
                        0x0099a2    0x1  Code  Gb  stm8l15x_it.o [1]
TIM2_CC_USART2_RX_IRQHandler
                        0x008f93   0x93  Code  Gb  stm8l15x_it.o [1]
TIM2_ClearITPendingBit  0x009978    0x5  Code  Gb  stm8l15x_tim2.o [1]
TIM2_Cmd                0x009929    0xd  Code  Gb  stm8l15x_tim2.o [1]
TIM2_GetCapture1        0x0096d4   0x22  Code  Gb  stm8l15x_tim2.o [1]
TIM2_GetITStatus        0x0095d3   0x29  Code  Gb  stm8l15x_tim2.o [1]
TIM2_ITConfig           0x0098dc   0x13  Code  Gb  stm8l15x_tim2.o [1]
TIM2_UPD_OVF_TRG_BRK_USART2_TX_IRQHandler
                        0x00999f    0x1  Code  Gb  stm8l15x_it.o [1]
TIM3_CC_USART3_RX_IRQHandler
                        0x0099a1    0x1  Code  Gb  stm8l15x_it.o [1]
TIM3_UPD_OVF_TRG_BRK_USART3_TX_IRQHandler
                        0x0099a0    0x1  Code  Gb  stm8l15x_it.o [1]
TIM4_UPD_OVF_TRG_IRQHandler
                        0x0099a4    0x1  Code  Gb  stm8l15x_it.o [1]
TRAP_IRQHandler         0x00998f    0x1  Code  Gb  stm8l15x_it.o [1]
USART1_RX_TIM5_CC_IRQHandler
                        0x0099a7    0x1  Code  Gb  stm8l15x_it.o [1]
USART1_TX_TIM5_UPD_OVF_TRG_BRK_IRQHandler
                        0x0099a6    0x1  Code  Gb  stm8l15x_it.o [1]
USART_Cmd               0x00977c   0x21  Code  Gb  stm8l15x_usart.o [1]
USART_DeInit            0x0093d6   0x3e  Code  Gb  stm8l15x_usart.o [1]
USART_GetFlagStatus     0x0096f6   0x22  Code  Gb  stm8l15x_usart.o [1]
USART_Init              0x008c9d   0xe4  Code  Gb  stm8l15x_usart.o [1]
__DebugBreak            0x0099a9    0x1  Code  Gb  __dbg_break.o [3]
__exit                  0x00989c   0x16  Code  Gb  __dbg_xxexit.o [3]
__iar_copy_init2        0x0095fc         Code  Gb  init_small.o [4]
__iar_data_init2        0x0097dc   0x1e  Code  Gb  init.o [4]
__iar_program_start     0x009885         Code  Gb  cstartup.o [4]
__iar_unhandled_exception
                        0x00998c         Code  Gb  unhandled_exception.o [4]
__iar_zero_init2        0x0097fa         Code  Gb  init_small.o [4]
__intvec                0x008000         Data  Gb  interrupt.o [4]
__low_level_init        0x009989    0x3  Code  Gb  low_level_init.o [4]
__xstd_printf           0x009718   0x22  Code  Gb  sysprintf.o [1]
_exit                   0x009968         Code  Gb  cexit.o [4]
_interrupt_1            0x00998f         Code  Gb  stm8l15x_it.o [1]
_interrupt_10           0x009818         Code  Gb  iic.o [1]
_interrupt_11           0x009996         Code  Gb  stm8l15x_it.o [1]
_interrupt_12           0x009997         Code  Gb  stm8l15x_it.o [1]
_interrupt_13           0x009998         Code  Gb  stm8l15x_it.o [1]
_interrupt_14           0x008ef5         Code  Gb  si446x_rf.o [1]
_interrupt_15           0x009999         Code  Gb  stm8l15x_it.o [1]
_interrupt_16           0x00999a         Code  Gb  stm8l15x_it.o [1]
_interrupt_17           0x00999b         Code  Gb  stm8l15x_it.o [1]
_interrupt_18           0x00999c         Code  Gb  stm8l15x_it.o [1]
_interrupt_19           0x00999d         Code  Gb  stm8l15x_it.o [1]
_interrupt_20           0x00999e         Code  Gb  stm8l15x_it.o [1]
_interrupt_21           0x00999f         Code  Gb  stm8l15x_it.o [1]
_interrupt_22           0x008f93         Code  Gb  stm8l15x_it.o [1]
_interrupt_23           0x0099a0         Code  Gb  stm8l15x_it.o [1]
_interrupt_24           0x0099a1         Code  Gb  stm8l15x_it.o [1]
_interrupt_25           0x0099a2         Code  Gb  stm8l15x_it.o [1]
_interrupt_26           0x0099a3         Code  Gb  stm8l15x_it.o [1]
_interrupt_27           0x0099a4         Code  Gb  stm8l15x_it.o [1]
_interrupt_28           0x0099a5         Code  Gb  stm8l15x_it.o [1]
_interrupt_29           0x0099a6         Code  Gb  stm8l15x_it.o [1]
_interrupt_3            0x009990         Code  Gb  stm8l15x_it.o [1]
_interrupt_30           0x0099a7         Code  Gb  stm8l15x_it.o [1]
_interrupt_31           0x0099a8         Code  Gb  stm8l15x_it.o [1]
_interrupt_4            0x009991         Code  Gb  stm8l15x_it.o [1]
_interrupt_5            0x009992         Code  Gb  stm8l15x_it.o [1]
_interrupt_6            0x0092aa         Code  Gb  rtc.o [1]
_interrupt_7            0x009993         Code  Gb  stm8l15x_it.o [1]
_interrupt_8            0x009994         Code  Gb  stm8l15x_it.o [1]
_interrupt_9            0x009995         Code  Gb  stm8l15x_it.o [1]
boardClkInit            0x0098ef   0x12  Code  Gb  board_init.o [1]
chip_cmderror_handler   0x009943    0xa  Code  Lc  si446x_rf.o [1]
clock_wait              0x008373   0x22  Code  Lc  si446x.o [1]
count_rx                0x0000ad    0x2  Data  Gb  si446x_rf.o [1]
count_tx                0x0000ab    0x2  Data  Gb  si446x_rf.o [1]
dbgSendChar             0x00979d   0x20  Code  Gb  debugUart.o [1]
debugUartInit           0x009250   0x5a  Code  Gb  debugUart.o [1]
delay                   0x009961    0x7  Code  Gb  main.o [1]
exit                    0x009985    0x4  Code  Gb  exit.o [4]
g_nDebufLevel           0x000011    0x1  Data  Lc  sysprintf.o [1]
main                    0x009195   0x5e  Code  Gb  main.o [1]
memset                  0x0098c7   0x15  Code  Gb  memset.o [4]
modem_syde_handler      0x00986d   0x18  Code  Lc  si446x_rf.o [1]
outptr                  0x0000b5    0x2  Data  Lc  xprintf.o [1]
ph_prx_handler          0x00973a   0x21  Code  Lc  si446x_rf.o [1]
rfchnum                 0x0000b7    0x1  Data  Lc  si446x.o [1]
rtcInit                 0x00957f   0x2b  Code  Gb  rtc.o [1]
rtcOn                   0x009624   0x24  Code  Gb  rtc.o [1]
si446xRadioInit         0x0082ed   0x3a  Code  Gb  si446x.o [1]
si446xReadMutiData      0x008247   0x80  Code  Gb  si446x.o [1]
si446xStartRX           0x0082c7   0x26  Code  Gb  si446x.o [1]
si446x_cfg              0x008080  0x16d  Data  Lc  si446x.o [1]
si446x_change_dev_current_state
                        0x008243    0x4  Code  Gb  si446x.o [1]
si446x_get_int_status   0x00823f    0x4  Code  Gb  si446x.o [1]
si446x_get_modem_status
                        0x00823b    0x4  Code  Gb  si446x.o [1]
si446x_nIRQ_Config      0x008327   0x17  Code  Lc  si446x.o [1]
si446x_nirq_disable     0x008395    0x1  Code  Lc  si446x.o [1]
si446x_rst              0x00833e   0x35  Code  Lc  si446x.o [1]
si446x_set_pksent       0x008396    0x5  Code  Gb  si446x.o [1]
si446x_state            0x000010    0x1  Data  Gb  si446x_rf.o [1]
si446x_ubpksent         0x0000b8    0x1  Data  Lc  si446x.o [1]
spiInit                 0x0091f3   0x5d  Code  Gb  spi.o [1]
ubRxFlag                0x0000ba    0x1  Data  Gb  si446x_rf.o [1]
ubarxbuf                0x000012   0x81  Data  Lc  si446x_rf.o [1]
ubcurrssi               0x0000b9    0x1  Data  Lc  si446x_rf.o [1]
xputc                   0x0094f0   0x33  Code  Gb  xprintf.o [1]
xputs                   0x009835   0x1d  Code  Gb  xprintf.o [1]
xvprintf                0x0086a1  0x2ed  Code  Gb  xprintf.o [1]


[1] = E:\hwpro-2016\20160627_L\iar\Debug\Obj
[2] = command line
[3] = dbgstm8mmd.a
[4] = dlstm8mmn.a

  5 999 bytes of readonly  code memory
    571 bytes of readonly  data memory
    443 bytes of readwrite data memory

Errors: none
Warnings: none
